1.date and time
当前日期: 2020/04/28 周二
当前时间: 10:53:24.78

2.os version
10.0.18362 暂缺 Build 18362

3.hardware information
主机名:           LAPTOP-VJSMMSEQ
OS 名称:          Microsoft Windows 10 家庭中文版
OS 版本:          10.0.18362 暂缺 Build 18362
OS 制造商:        Microsoft Corporation
OS 配置:          独立工作站
OS 构件类型:      Multiprocessor Free
注册的所有人:     Windows 用户
注册的组织:
产品 ID:          00342-30262-00002-AAOEM
初始安装日期:     2019/8/25, 11:01:24
系统启动时间:     2020/3/22, 20:47:31
系统制造商:       LENOVO
系统型号:         81BS
系统类型:         x64-based PC
处理器:           安装了 1 个处理器。
                  [01]: Intel64 Family 6 Model 142 Stepping 10 GenuineIntel ~400 Mhz
BIOS 版本:        LENOVO 5ZCN27WW, 2017/11/23
Windows 目录:     C:\WINDOWS
系统目录:         C:\WINDOWS\system32
启动设备:         \Device\HarddiskVolume1
系统区域设置:     zh-cn;中文(中国)
输入法区域设置:   zh-cn;中文(中国)
时区:             (UTC+08:00) 北京，重庆，香港特别行政区，乌鲁木齐
物理内存总量:     8,101 MB
可用的物理内存:   2,423 MB
虚拟内存: 最大值: 20,700 MB
虚拟内存: 可用:   11,192 MB
虚拟内存: 使用中: 9,508 MB
页面文件位置:     C:\pagefile.sys
域:               WORKGROUP
登录服务器:       \\LAPTOP-VJSMMSEQ
修补程序:         安装了 13 个修补程序。
                  [01]: KB4534132
                  [02]: KB4503308
                  [03]: KB4508433
                  [04]: KB4515383
                  [05]: KB4516115
                  [06]: KB4521863
                  [07]: KB4524569
                  [08]: KB4528759
                  [09]: KB4537759
                  [10]: KB4538674
                  [11]: KB4541338
                  [12]: KB4552152
                  [13]: KB4549951
网卡:             安装了 5 个 NIC。
                  [01]: VMware Virtual Ethernet Adapter for VMnet1
                      连接名:      VMware Network Adapter VMnet1
                      启用 DHCP:   是
                      DHCP 服务器: 192.168.153.254
                      IP 地址
                        [01]: 192.168.153.1
                        [02]: fe80::f802:4ba:d48:42bd
                  [02]: VMware Virtual Ethernet Adapter for VMnet8
                      连接名:      VMware Network Adapter VMnet8
                      启用 DHCP:   是
                      DHCP 服务器: 192.168.25.254
                      IP 地址
                        [01]: 192.168.25.1
                        [02]: fe80::3433:f602:ff45:3999
                  [03]: Microsoft KM-TEST Loopback Adapter
                      连接名:      以太网 3
                      启用 DHCP:   是
                      DHCP 服务器: 255.255.255.255
                      IP 地址
                        [01]: 169.254.228.59
                        [02]: fe80::e81f:e92b:52e7:e43b
                  [04]: Intel(R) Dual Band Wireless-AC 3165
                      连接名:      WLAN
                      启用 DHCP:   是
                      DHCP 服务器: 192.168.1.1
                      IP 地址
                        [01]: 192.168.1.107
                        [02]: fe80::6d3a:fc41:d423:63ce
                  [05]: Sangfor SSL VPN CS Support System VNIC
                      连接名:      以太网 5
                      状态:        媒体连接已中断
Hyper-V 要求:     虚拟机监视器模式扩展: 是
                  固件中已启用虚拟化: 是
                  二级地址转换: 是
                  数据执行保护可用: 是

4.uptime
系统启动时间:     2020/3/22, 20:47:31

5.services information（因为服务比较多，所以删掉了一部分）
HKLM\System\CurrentControlSet\Services
   AarSvc
     %SystemRoot%\system32\svchost.exe -k AarSvcGroup -p
     Agent Activation Runtime: Runtime for activating conversational agent applications
     Microsoft Corporation
     10.0.18362.628
     c:\windows\system32\aarsvc.dll
     2002/4/9 23:29
   AarSvc_dfc38368
     C:\WINDOWS\system32\svchost.exe -k AarSvcGroup -p
     Agent Activation Runtime_dfc38368: Runtime for activating conversational agent applications
     Microsoft Corporation
     10.0.18362.1
     c:\windows\system32\svchost.exe
     1997/1/11 6:26
   AJRouter
     %SystemRoot%\system32\svchost.exe -k LocalServiceNetworkRestricted -p
     AllJoyn Router Service: 路由本地 AllJoyn 客户端的 AllJoyn 消息。如果停止此服务，则自身没有捆绑路由器的 AllJoyn 客户端将无法运行。
     Microsoft Corporation
     10.0.18362.1
     c:\windows\system32\ajrouter.dll
     1963/11/25 19:41
   ALG
     %SystemRoot%\System32\alg.exe
     Application Layer Gateway Service: 为 Internet 连接共享提供第三方协议插件的支持
     Microsoft Corporation
     10.0.18362.1
     c:\windows\system32\alg.exe
     1944/8/31 21:22
   AppIDSvc
     %SystemRoot%\system32\svchost.exe -k LocalServiceNetworkRestricted -p
     Application Identity: 确定并验证应用程序的标识。禁用此服务将阻止强制执行 AppLocker。
     Microsoft Corporation
     10.0.18362.1
     c:\windows\system32\appidsvc.dll
     1968/12/30 23:44
   Appinfo
     %SystemRoot%\system32\svchost.exe -k netsvcs -p
     Application Information: 使用辅助管理权限便于交互式应用程序的运行。如果停止此服务，用户将无法使用辅助管理权限启动应用程序，而执行所需用户任务可能需要这些权限。
     Microsoft Corporation
     10.0.18362.693
     c:\windows\system32\appinfo.dll
     1958/3/26 23:40
   AppReadiness
     %SystemRoot%\System32\svchost.exe -k AppReadiness -p
     App Readiness: 当用户初次登录到这台电脑和添加新应用时，使应用进入就绪可用的状态。
     Microsoft Corporation
     10.0.18362.1
     c:\windows\system32\appreadiness.dll
     2031/1/25 18:43
   AppXSvc
     %systemroot%\system32\svchost.exe -k wsappx -p
     AppX Deployment Service (AppXSVC): 为部署 Microsoft Store 应用程序提供基础结构支持。此服务根据需要启动，如果已禁用 的 Microsoft Store 应用程序未部署到系统，此服务可能无法正常工作。
     Microsoft Corporation
     10.0.18362.719
     c:\windows\system32\appxdeploymentserver.dll
     1904/9/12 19:28
   AudioEndpointBuilder
     %SystemRoot%\System32\svchost.exe -k LocalSystemNetworkRestricted -p
     Windows Audio Endpoint Builder: 管理 Windows 音频服务的音频设备。如果停止了此服务，音频设备和效果将无法正常工作。如果禁用了此服务，任何明确依赖它的服务将无法启动
     Microsoft Corporation
     10.0.18362.628
     c:\windows\system32\audioendpointbuilder.dll
     1934/6/4 10:27
   Audiosrv
     %SystemRoot%\System32\svchost.exe -k LocalServiceNetworkRestricted -p
     Windows Audio: 管理基于 Windows 的程序的音频。如果此服务被停止，音频设备和效果将不能正常工作。如果此服务被禁用，任 何依赖它的服务将无法启动
     Microsoft Corporation
     10.0.18362.628
     c:\windows\system32\audiosrv.dll
     1915/11/12 11:46
   autotimesvc
     %SystemRoot%\system32\svchost.exe -k autoTimeSvc
     手机网络时间: 此服务基于移动网络中的 NITZ 消息设置时间
     Microsoft Corporation
     10.0.18362.1
     c:\windows\system32\autotimesvc.dll
     2028/12/14 16:15
   BcastDVRUserService
     %SystemRoot%\system32\svchost.exe -k BcastDVRUserService
     GameDVR 和广播用户服务: 此用户服务用于游戏录制和实况广播
     Microsoft Corporation
     10.0.18362.1
     c:\windows\system32\bcastdvruserservice.dll
     2029/5/7 22:06
   BcastDVRUserService_dfc38368
     C:\WINDOWS\system32\svchost.exe -k BcastDVRUserService
     GameDVR 和广播用户服务_dfc38368: 此用户服务用于游戏录制和实况广播
     Microsoft Corporation
     10.0.18362.1
     c:\windows\system32\svchost.exe
     1997/1/11 6:26
   BDESVC
     %SystemRoot%\System32\svchost.exe -k netsvcs -p
     BitLocker Drive Encryption Service: BDESVC 承载 BitLocker 驱动器加密服务。BitLocker 驱动器加密为操作系统提供安全启 动保障，并为 OS、固定卷和可移动卷提供全卷加密功能。使用此服务，BitLocker 可以提示用户执行与已安装卷相关的各种操作，并自 动解锁卷而无需用户交互。此外，它还会将恢复信息存储至 Active Directory (如果这种方法可用并且需要这样做)，并确保使用最新的恢复证书。停止或禁用该服务可以防止用户使用此功能。
     Microsoft Corporation
     10.0.18362.387
     c:\windows\system32\bdesvc.dll
     2027/7/14 8:40

6.nic information
Windows IP 配置

   主机名  . . . . . . . . . . . . . : LAPTOP-VJSMMSEQ
   主 DNS 后缀 . . . . . . . . . . . :
   节点类型  . . . . . . . . . . . . : 混合
   IP 路由已启用 . . . . . . . . . . : 否
   WINS 代理已启用 . . . . . . . . . : 否

以太网适配器 以太网 5:

   媒体状态  . . . . . . . . . . . . : 媒体已断开连接
   连接特定的 DNS 后缀 . . . . . . . :
   描述. . . . . . . . . . . . . . . : Sangfor SSL VPN CS Support System VNIC
   物理地址. . . . . . . . . . . . . : 00-FF-11-20-89-25
   DHCP 已启用 . . . . . . . . . . . : 否
   自动配置已启用. . . . . . . . . . : 是

以太网适配器 以太网 3:

   连接特定的 DNS 后缀 . . . . . . . :
   描述. . . . . . . . . . . . . . . : Npcap Loopback Adapter
   物理地址. . . . . . . . . . . . . : 02-00-4C-4F-4F-50
   DHCP 已启用 . . . . . . . . . . . : 是
   自动配置已启用. . . . . . . . . . : 是
   本地链接 IPv6 地址. . . . . . . . : fe80::e81f:e92b:52e7:e43b%3(首选)
   自动配置 IPv4 地址  . . . . . . . : 169.254.228.59(首选)
   子网掩码  . . . . . . . . . . . . : 255.255.0.0
   默认网关. . . . . . . . . . . . . :
   DHCPv6 IAID . . . . . . . . . . . : 788660300
   DHCPv6 客户端 DUID  . . . . . . . : 00-01-00-01-23-27-B6-6A-94-B8-6D-61-52-74
   DNS 服务器  . . . . . . . . . . . : fec0:0:0:ffff::1%1
                                       fec0:0:0:ffff::2%1
                                       fec0:0:0:ffff::3%1
   TCPIP 上的 NetBIOS  . . . . . . . : 已启用

无线局域网适配器 本地连接* 2:

   媒体状态  . . . . . . . . . . . . : 媒体已断开连接
   连接特定的 DNS 后缀 . . . . . . . :
   描述. . . . . . . . . . . . . . . : Microsoft Wi-Fi Direct Virtual Adapter #2
   物理地址. . . . . . . . . . . . . : 94-B8-6D-61-52-75
   DHCP 已启用 . . . . . . . . . . . : 是
   自动配置已启用. . . . . . . . . . : 是

以太网适配器 VMware Network Adapter VMnet1:

   连接特定的 DNS 后缀 . . . . . . . :
   描述. . . . . . . . . . . . . . . : VMware Virtual Ethernet Adapter for VMnet1
   物理地址. . . . . . . . . . . . . : 00-50-56-C0-00-01
   DHCP 已启用 . . . . . . . . . . . : 是
   自动配置已启用. . . . . . . . . . : 是
   本地链接 IPv6 地址. . . . . . . . : fe80::f802:4ba:d48:42bd%9(首选)
   IPv4 地址 . . . . . . . . . . . . : 192.168.153.1(首选)
   子网掩码  . . . . . . . . . . . . : 255.255.255.0
   获得租约的时间  . . . . . . . . . : 2020年4月28日 9:22:32
   租约过期的时间  . . . . . . . . . : 2020年4月28日 11:22:32
   默认网关. . . . . . . . . . . . . :
   DHCP 服务器 . . . . . . . . . . . : 192.168.153.254
   DHCPv6 IAID . . . . . . . . . . . : 285233238
   DHCPv6 客户端 DUID  . . . . . . . : 00-01-00-01-23-27-B6-6A-94-B8-6D-61-52-74
   DNS 服务器  . . . . . . . . . . . : fec0:0:0:ffff::1%1
                                       fec0:0:0:ffff::2%1
                                       fec0:0:0:ffff::3%1
   TCPIP 上的 NetBIOS  . . . . . . . : 已启用

以太网适配器 VMware Network Adapter VMnet8:

   连接特定的 DNS 后缀 . . . . . . . :
   描述. . . . . . . . . . . . . . . : VMware Virtual Ethernet Adapter for VMnet8
   物理地址. . . . . . . . . . . . . : 00-50-56-C0-00-08
   DHCP 已启用 . . . . . . . . . . . : 是
   自动配置已启用. . . . . . . . . . : 是
   本地链接 IPv6 地址. . . . . . . . : fe80::3433:f602:ff45:3999%7(首选)
   IPv4 地址 . . . . . . . . . . . . : 192.168.25.1(首选)
   子网掩码  . . . . . . . . . . . . : 255.255.255.0
   获得租约的时间  . . . . . . . . . : 2020年4月28日 9:22:32
   租约过期的时间  . . . . . . . . . : 2020年4月28日 11:22:32
   默认网关. . . . . . . . . . . . . :
   DHCP 服务器 . . . . . . . . . . . : 192.168.25.254
   DHCPv6 IAID . . . . . . . . . . . : 369119318
   DHCPv6 客户端 DUID  . . . . . . . : 00-01-00-01-23-27-B6-6A-94-B8-6D-61-52-74
   DNS 服务器  . . . . . . . . . . . : fec0:0:0:ffff::1%1
                                       fec0:0:0:ffff::2%1
                                       fec0:0:0:ffff::3%1
   主 WINS 服务器  . . . . . . . . . : 192.168.25.2
   TCPIP 上的 NetBIOS  . . . . . . . : 已启用

无线局域网适配器 WLAN:

   连接特定的 DNS 后缀 . . . . . . . :
   描述. . . . . . . . . . . . . . . : Intel(R) Dual Band Wireless-AC 3165
   物理地址. . . . . . . . . . . . . : 94-B8-6D-61-52-74
   DHCP 已启用 . . . . . . . . . . . : 是
   自动配置已启用. . . . . . . . . . : 是
   本地链接 IPv6 地址. . . . . . . . : fe80::6d3a:fc41:d423:63ce%4(首选)
   IPv4 地址 . . . . . . . . . . . . : 192.168.1.107(首选)
   子网掩码  . . . . . . . . . . . . : 255.255.255.0
   获得租约的时间  . . . . . . . . . : 2020年4月28日 9:22:37
   租约过期的时间  . . . . . . . . . : 2020年4月28日 12:22:34
   默认网关. . . . . . . . . . . . . : 192.168.1.1
   DHCP 服务器 . . . . . . . . . . . : 192.168.1.1
   DHCPv6 IAID . . . . . . . . . . . : 43300973
   DHCPv6 客户端 DUID  . . . . . . . : 00-01-00-01-23-27-B6-6A-94-B8-6D-61-52-74
   DNS 服务器  . . . . . . . . . . . : 218.104.78.2
                                       58.242.2.2
   TCPIP 上的 NetBIOS  . . . . . . . : 已启用

7.route information
===========================================================================
接口列表
  5...00 ff 11 20 89 25 ......Sangfor SSL VPN CS Support System VNIC
  3...02 00 4c 4f 4f 50 ......Npcap Loopback Adapter
 10...94 b8 6d 61 52 75 ......Microsoft Wi-Fi Direct Virtual Adapter #2
  9...00 50 56 c0 00 01 ......VMware Virtual Ethernet Adapter for VMnet1
  7...00 50 56 c0 00 08 ......VMware Virtual Ethernet Adapter for VMnet8
  4...94 b8 6d 61 52 74 ......Intel(R) Dual Band Wireless-AC 3165
  1...........................Software Loopback Interface 1
===========================================================================

IPv4 路由表
===========================================================================
活动路由:
网络目标        网络掩码          网关       接口   跃点数
          0.0.0.0          0.0.0.0      192.168.1.1    192.168.1.107     50
        127.0.0.0        255.0.0.0            在链路上         127.0.0.1    331
        127.0.0.1  255.255.255.255            在链路上         127.0.0.1    331
  127.255.255.255  255.255.255.255            在链路上         127.0.0.1    331
      169.254.0.0      255.255.0.0            在链路上    169.254.228.59    281
   169.254.228.59  255.255.255.255            在链路上    169.254.228.59    281
  169.254.255.255  255.255.255.255            在链路上    169.254.228.59    281
      192.168.1.0    255.255.255.0            在链路上     192.168.1.107    306
    192.168.1.107  255.255.255.255            在链路上     192.168.1.107    306
    192.168.1.255  255.255.255.255            在链路上     192.168.1.107    306
     192.168.25.0    255.255.255.0            在链路上      192.168.25.1    291
     192.168.25.1  255.255.255.255            在链路上      192.168.25.1    291
   192.168.25.255  255.255.255.255            在链路上      192.168.25.1    291
    192.168.153.0    255.255.255.0            在链路上     192.168.153.1    291
    192.168.153.1  255.255.255.255            在链路上     192.168.153.1    291
  192.168.153.255  255.255.255.255            在链路上     192.168.153.1    291
        224.0.0.0        240.0.0.0            在链路上         127.0.0.1    331
        224.0.0.0        240.0.0.0            在链路上     192.168.1.107    306
        224.0.0.0        240.0.0.0            在链路上      192.168.25.1    291
        224.0.0.0        240.0.0.0            在链路上     192.168.153.1    291
        224.0.0.0        240.0.0.0            在链路上    169.254.228.59    281
  255.255.255.255  255.255.255.255            在链路上         127.0.0.1    331
  255.255.255.255  255.255.255.255            在链路上     192.168.1.107    306
  255.255.255.255  255.255.255.255            在链路上      192.168.25.1    291
  255.255.255.255  255.255.255.255            在链路上     192.168.153.1    291
  255.255.255.255  255.255.255.255            在链路上    169.254.228.59    281
===========================================================================
永久路由:
  无

IPv6 路由表
===========================================================================
活动路由:
 接口跃点数网络目标                网关
  1    331 ::1/128                  在链路上
  4    306 fe80::/64                在链路上
  7    291 fe80::/64                在链路上
  9    291 fe80::/64                在链路上
  3    281 fe80::/64                在链路上
  7    291 fe80::3433:f602:ff45:3999/128
                                    在链路上
  4    306 fe80::6d3a:fc41:d423:63ce/128
                                    在链路上
  3    281 fe80::e81f:e92b:52e7:e43b/128
                                    在链路上
  9    291 fe80::f802:4ba:d48:42bd/128
                                    在链路上
  1    331 ff00::/8                 在链路上
  4    306 ff00::/8                 在链路上
  7    291 ff00::/8                 在链路上
  9    291 ff00::/8                 在链路上
  3    281 ff00::/8                 在链路上
===========================================================================
永久路由:
  无

8.arp information
接口: 169.254.228.59 --- 0x3
  Internet 地址         物理地址              类型
  169.254.255.255       ff-ff-ff-ff-ff-ff     静态
  224.0.0.22            01-00-5e-00-00-16     静态
  224.0.0.251           01-00-5e-00-00-fb     静态
  224.0.0.252           01-00-5e-00-00-fc     静态
  239.255.255.250       01-00-5e-7f-ff-fa     静态
  255.255.255.255       ff-ff-ff-ff-ff-ff     静态

接口: 192.168.1.107 --- 0x4
  Internet 地址         物理地址              类型
  192.168.1.1           80-89-17-d6-e8-14     动态
  192.168.1.255         ff-ff-ff-ff-ff-ff     静态
  224.0.0.22            01-00-5e-00-00-16     静态
  224.0.0.251           01-00-5e-00-00-fb     静态
  224.0.0.252           01-00-5e-00-00-fc     静态
  239.255.255.250       01-00-5e-7f-ff-fa     静态
  255.255.255.255       ff-ff-ff-ff-ff-ff     静态

接口: 192.168.25.1 --- 0x7
  Internet 地址         物理地址              类型
  192.168.25.254        00-50-56-f1-82-1b     动态
  192.168.25.255        ff-ff-ff-ff-ff-ff     静态
  224.0.0.22            01-00-5e-00-00-16     静态
  224.0.0.251           01-00-5e-00-00-fb     静态
  224.0.0.252           01-00-5e-00-00-fc     静态
  239.255.255.250       01-00-5e-7f-ff-fa     静态
  255.255.255.255       ff-ff-ff-ff-ff-ff     静态

接口: 192.168.153.1 --- 0x9
  Internet 地址         物理地址              类型
  192.168.153.254       00-50-56-f8-83-09     动态
  192.168.153.255       ff-ff-ff-ff-ff-ff     静态
  224.0.0.22            01-00-5e-00-00-16     静态
  224.0.0.251           01-00-5e-00-00-fb     静态
  224.0.0.252           01-00-5e-00-00-fc     静态
  239.255.255.250       01-00-5e-7f-ff-fa     静态
  255.255.255.255       ff-ff-ff-ff-ff-ff     静态

9.information of processes
Process information for LAPTOP-VJSMMSEQ:

Name                Pid Pri Thd  Hnd   Priv        CPU Time    Elapsed Time
Idle                  0   0   8    0     60  1885:12:40.031   878:59:41.726
System                4   8 225 7215    196    24:39:02.593   878:59:41.726
Registry            120   8   4    0   9548     0:01:11.484   878:59:45.701
smss                464  11   2   62   1156     0:00:00.578   878:59:41.718
csrss               664  13  11  866   2024     0:08:33.578   878:59:31.437
wininit             764  13   1  181   1816     0:00:01.187   878:59:30.135
services            836   9   9  805   7144     7:42:25.453   878:59:30.014
lsass               844   9   9 2021  11944     1:41:46.328   878:59:29.973
svchost              84   8   2   86   1088     0:00:00.359   878:59:29.688
svchost             504   8  19 1431  50376     6:32:21.203   878:59:29.673
fontdrvhost         532   8   5   32   1868     0:00:00.171   878:59:29.663
WUDFHost            856  13  10  300   4172     0:00:13.171   878:59:29.605
WUDFHost           1088   8   5  214   1844     0:00:01.546   878:59:29.393
svchost            1132   8  28 1568  49476     2:08:40.890   878:59:29.343
svchost            1196   8   7  443   3956     0:12:11.125   878:59:29.259
svchost            1396   8   3  187   3064     0:00:37.078   878:59:28.784
svchost            1504   8   4  259   2804     0:01:12.500   878:59:28.741
svchost            1516   8   2  156   3016     0:00:21.937   878:59:28.739
svchost            1584   8  11  434  10716     0:30:04.796   878:59:28.692
svchost            1616   8   3  259   5180     0:00:36.406   878:59:28.680
svchost            1660   8   3  267   2512     0:00:02.750   878:59:28.650
svchost            1720   8   5  182   2264     0:00:39.984   878:59:28.602
svchost            1820   8   2  129   1732     0:00:01.359   878:59:28.538
svchost            1828   8   7 2005   3192     0:11:21.093   878:59:28.537
svchost            1836   8  12  502  23324     0:13:36.921   878:59:28.537
svchost            1948   8   4  246   2508     0:01:55.937   878:59:28.461
igfxCUIService     1816   8   2  172   2108     0:00:02.000   878:59:28.363
svchost            2080   8   5  252   3772     1:24:54.906   878:59:28.304
NVDisplay.Container  2132   8   7  292   4100     0:00:20.734   878:59:28.264
svchost            2140   8   5  701  12132     1:02:45.500   878:59:28.264
svchost            2196   8  19  204   9936     0:20:32.171   878:59:28.243
svchost            2308   8   6  229   7704     1:12:03.546   878:59:28.168
svchost            2316   8   3  247   1452     0:00:21.937   878:59:28.165
svchost            2336   8   7  252   2892     0:56:52.109   878:59:28.161
Memory Compression  2420   8 130    0   2260     3:33:48.875   878:59:28.078
svchost            2456   8   4  182   2064     0:02:55.640   878:59:28.073
svchost            2464   8   7  188   2436     0:04:40.015   878:59:28.071
svchost            2604   8  14  337   7500    71:30:39.171   878:59:27.890
svchost            2628   8  16  548  10484     1:29:27.000   878:59:27.856
svchost            2812   8   9 3833   5680     0:35:20.250   878:59:27.551
svchost            2672   8  10  387   5408     0:23:23.359   878:59:26.603
svchost            3224   8   6  142   1948     0:02:48.296   878:59:26.277
svchost            3240   8  10  375   3316     0:04:15.937   878:59:26.263
svchost            3436   8  15  526   8232     0:17:24.281   878:59:25.984
svchost            3488   8   4  271   3140     0:00:08.953   878:59:25.909
spoolsv            3580   8  10  443   6124     0:03:43.703   878:59:25.787
svchost            3688   8  15  536  19132     1:25:29.281   878:59:25.670
svchost            3792   8   6  190   2176     0:01:15.562   878:59:25.613
AxAHCIServiceEx    4140   8   3  207   2164     0:00:00.875   878:59:24.924
CxAudMsg64         4172   8   3 1054   3396     0:00:19.218   878:59:24.902
DolbyDAX2API       4188   8   8  371  31772     0:01:23.093   878:59:24.899
IntelCpHDCPSvc     4196   8   3  171   1872     0:00:01.109   878:59:24.897
CxUtilSvc          4212   8   2  196   1848     0:00:02.687   878:59:24.889
svchost            4220   8   7  346  11100     0:11:25.656   878:59:24.887
ibtsiva            4232   8   1   89   1452     0:00:05.953   878:59:24.883
esif_uf            4240  13   3  130   2000     0:00:01.312   878:59:24.882
QQProtect          4256   8  24  603  21700     0:08:49.312   878:59:24.873
SASrv              4264   8   3  145   1572     0:00:00.781   878:59:24.863
jtagserver         4272   8   3   68   1044     0:00:00.531   878:59:24.856
svchost            4288   8   9  431   5220     0:08:03.750   878:59:24.854
svchost            4300   8   5  249   2304     0:00:13.515   878:59:24.848
SangforPromoteService  4320   8  14  446   9020     1:11:02.437   878:59:24.840
svchost            4328   8   2  132   1732     0:00:00.578   878:59:24.839
svchost            4336   8  19  474 428828     3:17:22.640   878:59:24.836
vmnetdhcp          4360   8   2   87   8072     0:00:21.671   878:59:24.829
svchost            4388   8  21  509   9904     0:29:43.453   878:59:24.819
NvTelemetryContainer  4412   8   6  216   2596     0:00:09.750   878:59:24.816
Lenovo.Modern.ImController  4432   8  52 1394  69328     1:59:01.375   878:59:24.804
vmnat              4484   8   4  199   5972     0:02:22.343   878:59:24.776
svchost            4524   8   6  209   2520     0:00:35.578   878:59:24.751
WmiApSrv           4532   8   2  164   2348     0:00:06.281   878:59:24.746
svchost            4584   8   7  438   7912     0:02:49.359   878:59:24.724
svchost            4604   8  27  392  10644     0:01:41.406   878:59:24.723
svchost            4164   8  14  398   3952     0:03:06.687   878:59:24.267
vmware-usbarbitrator64  5232   8   3  225   2944     0:00:08.265   878:59:24.058
svchost            5240   8  17  524 382580     1:06:14.890   878:59:24.055
IntelCpHeciSvc     5372   8   3  143   1736     0:00:01.921   878:59:23.971
Locator            5480   8   2   44    780     0:00:00.593   878:59:23.844
svchost            7340   8   2  159   1792     0:00:03.750   878:59:19.801
dllhost            7540   8   6  214   4760     0:00:12.281   878:59:19.111
svchost            6276   8   2  143   1808     0:00:01.265   878:59:14.334
svchost            4132   8   6  273   3248     0:02:37.218   878:59:14.214
dasHost            3168   8   9  387   7652     0:04:28.765   878:59:13.962
svchost            3960   8  11  442   6012     0:03:00.953   878:57:20.019
jhi_service        4652   8   2  208   3860     0:00:00.718   878:57:19.139
svchost            4800   8   2  233   3028     0:03:13.203   878:57:18.924
SgrmBroker         5052   8   5   89   4428     0:00:55.531   878:57:18.721
svchost            1456   8  10  524   6492     0:06:40.984   878:57:17.894
svchost            7996   8   8  237   3036     0:00:37.187   878:57:17.584
SearchIndexer       624   8  21  958  71504     8:27:36.312   878:57:17.395
svchost            7880   8   4  645  16240     0:03:52.562   878:56:27.839
svchost             524   8   7  654 106836     0:14:33.281   878:56:27.546
svchost            7132   8   4  314   5340     0:12:18.031   878:51:53.000
svchost            3276   8   7  457   7268     0:13:45.671   878:49:26.552
SecurityHealthService  2364   8  45  967  10176     0:02:03.046   878:48:59.771
svchost            1892   8   4  245   1888     0:00:02.000   878:42:47.652
svchost            9924   8  10  452   6624     0:06:10.625   878:42:24.345
svchost           10620   8   3  341   2532     0:02:14.859   878:42:01.202
svchost            9056   8   5  296   3184     0:00:16.812   878:40:21.186
svchost            7944   8   3  191   1968     0:00:01.937   878:40:05.862
svchost            1348   8   2  111   1472     0:00:08.796   878:30:35.605
svchost            6944   8   5  198   6688     0:00:02.156   876:57:46.233
csrss             10680  13  13  453   2348     1:11:13.484   876:29:52.405
svchost             912   8   5  168   1940     0:10:45.781   865:23:41.934
WmiPrvSE          15856   8   3  260   5984     0:02:27.890   865:21:26.622
svchost           15332   8   7  211   2636     0:00:45.671   865:16:46.985
svchost           34652   8   2  112   1348     0:00:00.484   591:55:30.374
LenovoPcManagerService 17368   8  23 1043  20424     0:08:33.437   304:33:52.947
wsctrl            34064   8   3  177   2068     0:00:01.843   304:33:43.677
svchost           28208   8   8  265   5284     0:03:36.328   235:22:07.844
svchost           45984   8  19  432  46184     1:07:26.031   235:10:19.180
svchost            4112   8   3  106   1360     0:00:01.671   233:49:12.482
svchost           19076   8   5  181   3216     0:00:35.406   229:27:04.636
svchost           17000   8  12  293   3292     0:01:42.265   227:45:20.155
PresentationFontCache 30556   8   4  242  29688     0:00:06.265   193:18:23.417
ZhuDongFangYu     21132   8  19  480  15804     0:02:58.828   192:42:49.745
vmware-authd      20372   8   6  332   9544     0:27:34.500   192:42:47.853
vmware-hostd      18984   8  23  503  40648     0:01:21.843   192:42:32.653
FlashHelperService 15488   8  42 4061  15720     0:00:44.750   183:17:55.125
LAVService        19312   8  31 1074 103560     0:13:07.859   135:39:48.852
LenovoDRS         40280   8  16  500   9756     0:01:33.203   135:39:48.452
usysdiag          35504   8  18  171   2268     0:00:00.109   135:39:44.091
csrss             16200  13  12  453   2528     0:01:58.968    96:20:43.788
csrss             33708  13  12  454   2448     0:01:56.671    61:23:40.064
wlanext           39700   8   1   75   1080     0:00:00.281    42:09:51.244
conhost           45544   8   2  118   6432     0:00:00.156    42:09:50.337
svchost           20712   8   7  202   2336     0:00:26.406    26:19:55.337
svchost           24736   8   3  206   2236     0:00:00.484    16:52:54.538
csrss             12532  13  19  785   2880     0:01:04.390    14:43:07.294
winlogon          12012  13   7  276   2772     0:00:01.078    14:43:07.056
fontdrvhost       40140   8   5   32   5072     0:00:08.093    14:43:06.461
dwm               30116  13  16 1241 145856     0:11:00.218    14:43:06.300
svchost            7012   8   9  391   5080     0:00:03.484    14:42:37.351
NVDisplay.Container 19372   8  17  470  24420     0:00:01.890    14:40:51.403
svchost           31532   8   4  115   1392     0:00:00.109     2:24:50.564
dptf_helper       32228   8   3   81   1480     0:00:00.671     2:24:47.812
sihost             8728   8  10  757   7136     0:00:16.359     2:24:47.483
svchost           19420   8  15  494  10496     0:00:38.843     2:24:47.385
igfxEM             2212   8  10  796   6556     0:00:14.921     2:24:47.323
svchost           40256   8   4  501   8416     0:00:06.062     2:24:47.302
taskhostw         44248   8  10  342  14992     0:00:13.890     2:24:47.098
ctfmon             8660  13  14  705  11768     0:05:43.453     2:24:46.400
ECAgent            9024   8  16  476   9164     0:00:08.437     2:24:45.736
explorer          39824   8  87 2986  89976     0:10:21.640     2:24:45.058
ChsIME            23656   8  34  879  15004     0:03:22.375     2:24:44.172
SettingSyncHost   33320   6   6  554   7444     0:01:09.656     2:24:43.547
svchost            5636   8   6  334   3856     0:00:02.906     2:24:40.639
StartMenuExperienceHost 34904   8   8  622  32408     0:00:04.796     2:24:38.483
RuntimeBroker     40360   8   4  331   6352     0:00:06.250     2:24:37.829
RuntimeBroker     44572   8  12  493   7428     0:00:04.406     2:24:35.815
LockApp           13908   8  11  524  12392     0:00:01.609     2:24:32.854
Lsf               42284   8   1  247   3344     0:00:01.593     2:24:32.552
RuntimeBroker     26948   8   6  337   6144     0:00:04.671     2:24:32.029
SecurityHealthSystray 28908   8   1  160   2004     0:00:00.187     2:24:23.749
CAudioFilterAgent64 29416   8   3  176   1864     0:00:01.203     2:24:22.862
utility           19740   8   3  150   1828     0:00:00.250     2:24:21.031
360tray           41476   8 137 1882 203544     0:05:38.125     2:24:19.137
WindowsInternal.ComposableShell.Experiences.TextInput.InputApp 33544   8  16  692  13216     0:00:28.703     2:24:15.688
SearchUI          24656   8  34 1155  72268     0:00:05.734     2:24:09.763
ShellExperienceHost 20424   8  11  631  15712     0:00:03.468     2:24:06.233
RuntimeBroker     21372   8   4  332   6192     0:00:04.031     2:24:05.495
ApplicationFrameHost 11900   8  12  559  28296     0:00:06.250     2:23:46.154
MicrosoftEdge      5028   8  27 1115  33548     0:00:24.218     2:23:46.117
browser_broker    10016   8   7  517   6952     0:00:08.187     2:23:44.551
dllhost           39892   8   6  210   4268     0:00:00.500     2:23:43.959
RuntimeBroker     43308   8   4  416   9704     0:00:14.203     2:23:42.786
MicrosoftEdgeSH   18020   8   6  282   4280     0:00:00.937     2:23:42.561
LenovoTray        20644   8  20  591  19276     0:04:15.062     2:23:34.798
SpeedBall         11292   8  15  710  50788     0:00:38.484     2:23:34.109
SystemSettings    17580   8  24  850  22956     0:00:05.625     2:23:16.528
Microsoft.Photos  27128   8  28  988  38580     0:00:14.796     2:22:56.436
RuntimeBroker     15284   8   7  475   6448     0:00:05.265     2:22:54.117
svchost           38516   8   2  250   2924     0:00:00.437     2:22:47.190
Lenovo.Modern.ImController.PluginHost.Device 22628   8  14  580  28884     0:00:09.703     2:19:42.649
Lenovo.Modern.ImController.PluginHost.Device 37528   8  27  889  45048     0:01:56.734     2:19:40.964
QQ                20512   8  79 1860 204460     0:11:28.671     2:19:25.836
TXPlatform        44452   8   2  222   4548     0:00:00.406     2:19:23.986
QQLive            36036   8 116 1494 271332     0:22:44.484     2:08:36.501
audiodg           43552   8   6  269  11260     0:05:47.281     2:08:28.311
QQLive            26440   8  23  306  13916     0:00:14.984     2:08:27.938
QQLiveBrowser      8520   8  14  331  77204     0:00:14.265     2:08:26.197
QQLiveService     29044   8  36  649  42156     0:00:07.140     2:07:30.164
dllhost            7088   8   4  385   4384     0:00:05.234     2:04:58.729
LenovoEMDriverAssist 16840   8  15 1036   8708     0:00:12.187     1:24:44.275
cmd               42736   8   1   80   2404     0:00:00.671     1:21:53.115
conhost            3816   8  12  341  13128     0:02:04.562     1:21:52.673
smartscreen       11012   8  15  427  12504     0:00:02.609     0:57:56.545
360se             42388   8  69 1583 149916     0:03:15.968     0:57:55.940
360se             27836   8   9  663 108132     0:01:04.703     0:57:53.607
360se             16160   8  18  523  19656     0:00:19.656     0:57:53.482
wdswfsafe         13396   8   3  275  12492     0:00:01.890     0:57:51.768
360se             36940   8  14  361  35364     0:00:06.500     0:57:47.337
360se              9168   8  14  409  54984     0:02:02.531     0:57:40.777
sesvc             25912   8   2  199   4076     0:00:00.578     0:57:24.085
360se             32796   8  14  333  23612     0:00:01.859     0:57:14.463
360se             34896   8  13  353  30944     0:00:04.140     0:57:11.226
sesvc             26376   8  15  501  61080     0:00:06.406     0:56:22.748
MicrosoftEdgeCP   30420   8  29  774  20936     0:00:05.968     0:55:47.668
MicrosoftPdfReader 27088   8  28  881 108172     0:02:35.328     0:55:44.031
MicrosoftEdgeCP   13480   8  15  513   6756     0:00:02.187     0:55:34.309
MicrosoftEdgeCP   28856   8  37  980  71772     0:00:13.234     0:55:33.423
MicrosoftEdgeCP   27144   8  15  507   6780     0:00:01.531     0:55:18.319
MicrosoftEdgeCP   41824   8  15  510   6800     0:00:01.765     0:55:14.104
svchost           39456   8  15  458  10500     0:00:02.437     0:51:46.110
Autoruns64        14284   8   6  561  36864     0:04:50.250     0:21:28.166
SearchProtocolHost 35332   4   6  272   1928     0:00:00.312     0:03:53.503
Lenovo.Modern.ImController.PluginHost.Device 23028   8  18  848  56528     0:00:28.593     0:03:49.019
svchost           18580   8   6  200   4040     0:00:00.218     0:03:34.272
SearchProtocolHost 13240   4   7  403   3100     0:00:01.203     0:03:23.621
SearchFilterHost  16780   4   4  160   1864     0:00:00.296     0:01:32.841
pslist            25832  13   6  309   4252     0:00:04.296     0:00:06.139
